

================================================================
== Vitis HLS Report for 'find_smallest_channel_Pipeline_LOOP_POPULATE'
================================================================
* Date:           Tue Sep  3 19:10:51 2024

* Version:        2021.2 (Build 3367213 on Tue Oct 19 02:48:09 MDT 2021)
* Project:        find_smallest_channel
* Solution:       find_smallest_channel (Vivado IP Flow Target)
* Product family: virtexuplus
* Target device:  xcvu11p-flga2577-1-e


================================================================
== Performance Estimates
================================================================
+ Timing: 
    * Summary: 
    +--------+----------+----------+------------+
    |  Clock |  Target  | Estimated| Uncertainty|
    +--------+----------+----------+------------+
    |ap_clk  |  10.00 ns|  1.460 ns|     2.70 ns|
    +--------+----------+----------+------------+

+ Latency: 
    * Summary: 
    +---------+---------+----------+----------+-----+-----+---------+
    |  Latency (cycles) |  Latency (absolute) |  Interval | Pipeline|
    |   min   |   max   |    min   |    max   | min | max |   Type  |
    +---------+---------+----------+----------+-----+-----+---------+
    |       10|       10|  0.100 us|  0.100 us|   10|   10|       no|
    +---------+---------+----------+----------+-----+-----+---------+

    + Detail: 
        * Instance: 
        N/A

        * Loop: 
        +-----------------+---------+---------+----------+-----------+-----------+------+----------+
        |                 |  Latency (cycles) | Iteration|  Initiation Interval  | Trip |          |
        |    Loop Name    |   min   |   max   |  Latency |  achieved |   target  | Count| Pipelined|
        +-----------------+---------+---------+----------+-----------+-----------+------+----------+
        |- LOOP_POPULATE  |        8|        8|         2|          1|          1|     8|       yes|
        +-----------------+---------+---------+----------+-----------+-----------+------+----------+



================================================================
== Utilization Estimates
================================================================
* Summary: 
+---------------------+---------+------+---------+---------+-----+
|         Name        | BRAM_18K|  DSP |    FF   |   LUT   | URAM|
+---------------------+---------+------+---------+---------+-----+
|DSP                  |        -|     -|        -|        -|    -|
|Expression           |        -|     -|        0|       23|    -|
|FIFO                 |        -|     -|        -|        -|    -|
|Instance             |        -|     -|        -|        -|    -|
|Memory               |        -|     -|        -|        -|    -|
|Multiplexer          |        -|     -|        -|       36|    -|
|Register             |        -|     -|       11|        -|    -|
+---------------------+---------+------+---------+---------+-----+
|Total                |        0|     0|       11|       59|    0|
+---------------------+---------+------+---------+---------+-----+
|Available SLR        |     1344|  3072|   864000|   432000|  320|
+---------------------+---------+------+---------+---------+-----+
|Utilization SLR (%)  |        0|     0|       ~0|       ~0|    0|
+---------------------+---------+------+---------+---------+-----+
|Available            |     4032|  9216|  2592000|  1296000|  960|
+---------------------+---------+------+---------+---------+-----+
|Utilization (%)      |        0|     0|       ~0|       ~0|    0|
+---------------------+---------+------+---------+---------+-----+

+ Detail: 
    * Instance: 
    N/A

    * DSP: 
    N/A

    * Memory: 
    N/A

    * FIFO: 
    N/A

    * Expression: 
    +---------------------+----------+----+---+----+------------+------------+
    |    Variable Name    | Operation| DSP| FF| LUT| Bitwidth P0| Bitwidth P1|
    +---------------------+----------+----+---+----+------------+------------+
    |add_ln51_fu_112_p2   |         +|   0|  0|  12|           4|           1|
    |icmp_ln51_fu_106_p2  |      icmp|   0|  0|   9|           4|           5|
    |ap_enable_pp0        |       xor|   0|  0|   2|           1|           2|
    +---------------------+----------+----+---+----+------------+------------+
    |Total                |          |   0|  0|  23|           9|           8|
    +---------------------+----------+----+---+----+------------+------------+

    * Multiplexer: 
    +-------------------------+----+-----------+-----+-----------+
    |           Name          | LUT| Input Size| Bits| Total Bits|
    +-------------------------+----+-----------+-----+-----------+
    |ap_done_int              |   9|          2|    1|          2|
    |ap_enable_reg_pp0_iter1  |   9|          2|    1|          2|
    |ap_sig_allocacmp_i_1     |   9|          2|    4|          8|
    |i_fu_40                  |   9|          2|    4|          8|
    +-------------------------+----+-----------+-----+-----------+
    |Total                    |  36|          8|   10|         20|
    +-------------------------+----+-----------+-----+-----------+

    * Register: 
    +-------------------------+---+----+-----+-----------+
    |           Name          | FF| LUT| Bits| Const Bits|
    +-------------------------+---+----+-----+-----------+
    |ap_CS_fsm                |  1|   0|    1|          0|
    |ap_done_reg              |  1|   0|    1|          0|
    |ap_enable_reg_pp0_iter1  |  1|   0|    1|          0|
    |i_cast_reg_139           |  4|   0|   64|         60|
    |i_fu_40                  |  4|   0|    4|          0|
    +-------------------------+---+----+-----+-----------+
    |Total                    | 11|   0|   71|         60|
    +-------------------------+---+----+-----+-----------+



================================================================
== Interface
================================================================
* Summary: 
+-------------------------+-----+-----+------------+----------------------------------------------+--------------+
|        RTL Ports        | Dir | Bits|  Protocol  |                 Source Object                |    C Type    |
+-------------------------+-----+-----+------------+----------------------------------------------+--------------+
|ap_clk                   |   in|    1|  ap_ctrl_hs|  find_smallest_channel_Pipeline_LOOP_POPULATE|  return value|
|ap_rst                   |   in|    1|  ap_ctrl_hs|  find_smallest_channel_Pipeline_LOOP_POPULATE|  return value|
|ap_start                 |   in|    1|  ap_ctrl_hs|  find_smallest_channel_Pipeline_LOOP_POPULATE|  return value|
|ap_done                  |  out|    1|  ap_ctrl_hs|  find_smallest_channel_Pipeline_LOOP_POPULATE|  return value|
|ap_idle                  |  out|    1|  ap_ctrl_hs|  find_smallest_channel_Pipeline_LOOP_POPULATE|  return value|
|ap_ready                 |  out|    1|  ap_ctrl_hs|  find_smallest_channel_Pipeline_LOOP_POPULATE|  return value|
|data_V_address0          |  out|    4|   ap_memory|                                        data_V|         array|
|data_V_ce0               |  out|    1|   ap_memory|                                        data_V|         array|
|data_V_we0               |  out|    1|   ap_memory|                                        data_V|         array|
|data_V_d0                |  out|   28|   ap_memory|                                        data_V|         array|
|data_in_address0         |  out|    3|   ap_memory|                                       data_in|         array|
|data_in_ce0              |  out|    1|   ap_memory|                                       data_in|         array|
|data_in_q0               |   in|   28|   ap_memory|                                       data_in|         array|
|channel_idx_V_address0   |  out|    4|   ap_memory|                                 channel_idx_V|         array|
|channel_idx_V_ce0        |  out|    1|   ap_memory|                                 channel_idx_V|         array|
|channel_idx_V_we0        |  out|    1|   ap_memory|                                 channel_idx_V|         array|
|channel_idx_V_d0         |  out|    4|   ap_memory|                                 channel_idx_V|         array|
|channel_idx_in_address0  |  out|    3|   ap_memory|                                channel_idx_in|         array|
|channel_idx_in_ce0       |  out|    1|   ap_memory|                                channel_idx_in|         array|
|channel_idx_in_q0        |   in|    4|   ap_memory|                                channel_idx_in|         array|
+-------------------------+-----+-----+------------+----------------------------------------------+--------------+

